// Jest Snapshot v1, https://goo.gl/fbAQLP

exports[`<Hero /> Check the UI 1`] = `
<div
  className="hero"
>
  <img />
  <img
    alt="Tailwindcss Logo"
    src="test-file-stub"
  />
  <h1
    className="hero__title"
  />
</div>
`;
